[2026-02-11 11:20:13] INFO: 🚀 AVERP → ERPNext Migration Pipeline
[2026-02-11 11:20:13] INFO: Log-Datei: migration_20260211_112013.log
[2026-02-11 11:20:13] INFO: ============================================================
[2026-02-11 11:20:13] INFO: SCHRITT 1: AVERP Datenbank-Prüfung
[2026-02-11 11:20:13] INFO: ============================================================
[2026-02-11 11:20:13] INFO: Export übersprungen (--skip-export)
[2026-02-11 11:20:13] INFO: 
============================================================
[2026-02-11 11:20:13] INFO: SCHRITT 2: AVERP Datenexport
[2026-02-11 11:20:13] INFO: ============================================================
[2026-02-11 11:20:13] INFO: Export übersprungen
[2026-02-11 11:20:13] INFO: 
============================================================
[2026-02-11 11:20:13] INFO: SCHRITT 3: JSON-Validierung
[2026-02-11 11:20:13] INFO: ============================================================
[2026-02-11 11:20:13] INFO: Gefunden: 22 JSON-Dateien
[2026-02-11 11:20:13] INFO:   ✅ artikel_chunk1.json                      -   2365 Datensätze
[2026-02-11 11:20:13] INFO:   ✅ banken_chunk1.json                       -   7261 Datensätze
[2026-02-11 11:20:13] INFO:   ✅ eingangsrechnungen_chunk1.json           -     10 Datensätze
[2026-02-11 11:20:13] INFO:   ✅ eingangsrechnungspositionen_chunk1.json  -     23 Datensätze
[2026-02-11 11:20:13] INFO:   ✅ felder_chunk1.json                       -  10000 Datensätze
[2026-02-11 11:20:13] INFO:   ✅ felder_chunk2.json                       -  10000 Datensätze
[2026-02-11 11:20:13] INFO:   ✅ felder_chunk3.json                       -  10000 Datensätze
[2026-02-11 11:20:13] INFO:   ✅ felder_chunk4.json                       -  10000 Datensätze
[2026-02-11 11:20:13] INFO:   ✅ felder_chunk5.json                       -  10000 Datensätze
[2026-02-11 11:20:14] INFO:   ✅ felder_chunk6.json                       -  10000 Datensätze
[2026-02-11 11:20:14] INFO:   ✅ felder_chunk7.json                       -  10000 Datensätze
[2026-02-11 11:20:14] INFO:   ✅ felder_chunk8.json                       -  10000 Datensätze
[2026-02-11 11:20:14] INFO:   ✅ felder_chunk9.json                       -    133 Datensätze
[2026-02-11 11:20:14] INFO:   ✅ kunden_chunk1.json                       -      5 Datensätze
[2026-02-11 11:20:14] INFO:   ✅ postleitzahlen_chunk1.json               -  10000 Datensätze
[2026-02-11 11:20:14] INFO:   ✅ postleitzahlen_chunk2.json               -  10000 Datensätze
[2026-02-11 11:20:14] INFO:   ✅ postleitzahlen_chunk3.json               -  10000 Datensätze
[2026-02-11 11:20:14] INFO:   ✅ postleitzahlen_chunk4.json               -  10000 Datensätze
[2026-02-11 11:20:14] INFO:   ✅ postleitzahlen_chunk5.json               -  10000 Datensätze
[2026-02-11 11:20:14] INFO:   ✅ postleitzahlen_chunk6.json               -   8622 Datensätze
[2026-02-11 11:20:14] INFO:   ✅ tabellen_chunk1.json                     -   6538 Datensätze
[2026-02-11 11:20:14] INFO:   ✅ werke_chunk1.json                        -   4343 Datensätze
[2026-02-11 11:20:14] INFO: 
Validierung: 22 OK, 0 Fehler
[2026-02-11 11:20:14] INFO: 
============================================================
[2026-02-11 11:20:14] INFO: SCHRITT 4: ERPNext Verbindungstest
[2026-02-11 11:20:14] INFO: ============================================================
[2026-02-11 11:20:14] SUCCESS: ✅ Verbunden als: shisuka.hariku@gmail.com
[2026-02-11 11:20:14] INFO:    URL: http://localhost:8000
[2026-02-11 11:20:14] INFO: 
============================================================
[2026-02-11 11:20:14] INFO: SCHRITT 5: ERPNext Datenimport
[2026-02-11 11:20:14] INFO: ============================================================
[2026-02-11 11:20:14] INFO: 
📦 Importiere: artikel
[2026-02-11 11:21:18] SUCCESS:    ✅ Erfolgreich: 0
[2026-02-11 11:21:18] INFO:    ⏭️  Übersprungen: 2365
[2026-02-11 11:21:18] INFO:    ❌ Fehler: 0
[2026-02-11 11:21:18] INFO: 
============================================================
[2026-02-11 11:21:18] INFO: ✅ Migration erfolgreich abgeschlossen!
[2026-02-11 11:21:18] INFO: ============================================================
[2026-02-11 11:21:18] INFO: Log gespeichert: migration_20260211_112013.log
